0xfffffe8b
0x8d6c6
0x1c894c
0xc8b3a
0xfffacfa5
0xa1268
0x0
0xffff7b79
0xc4c26
0xffe6f127
0x1c9f01
0x131b0c
0x1fe7f3
0x1850
0x47f58
0xffdb959d
0xffe04a96
